node.exe : FAIL __tests_
_/services/PoseAnalysis/
ServeAnalyzer.test.ts
En línea: 1 Carácter: 1
+ & "C:\Program 
Files\nodejs/node.exe" 
"C:\Program 
Files\nodejs/node_mo ...
+ ~~~~~~~~~~~~~~~~~~~~~~
~~~~~~~~~~~~~~~~~~~~~~~~
~~~~~~~~~~~~~~~~~~~~~~~
    + CategoryInfo      
        : NotSpecified  
  : (FAIL __tests__/.   
 ..nalyzer.test.ts:S    
tring) [], RemoteEx    
ception
    + FullyQualifiedErr 
   orId : NativeComman  
  dError
 
  ServeAnalyzer 
Orchestrator
    ├ù Runs full 
pipeline without 
exceptions on valid 
data (15 ms)
    ÔêÜ Penalizes 
confidence if video was 
cut before contact (3 
ms)

  ÔùÅ ServeAnalyzer 
Orchestrator ÔÇ║ Runs 
full pipeline without 
exceptions on valid data

    expect(received).toB
eGreaterThan(expected)

    Expected: > 0.5
    Received:   
0.39999999999999997

    [0m [90m 54 
|[39m         
[36mconst[39m report 
[33m=[39m analyzer[33
m.[39mgenerateFinalRepo
rt()[33m;[39m
     [90m 55 |[39m    
     [90m// Si el 
motor guard├│ bien el 
snapshot, la confianza 
ser├í > 0 y tendr├í 
score.[39m
    [31m[1m>[22m[39m
[90m 56 |[39m         
expect(report[33m.[39m
confidence)[33m.[39mto
BeGreaterThan([35m0.5[
39m)[33m;[39m
     [90m    |[39m    
                        
       
[31m[1m^[22m[39m
     [90m 57 |[39m    
     expect(report[33m.
[39mcategoryScores[33m
.[39mcontact)[33m.[39
mtoBeDefined()[33m;[39
m
     [90m 58 |[39m    
 })[33m;[39m
     [90m 59 |[39m[0m

      at 
Object.toBeGreaterThan (
__tests__/services/PoseA
nalysis/ServeAnalyzer.te
st.ts:56:35)

Test Suites: 1 failed, 
1 total
Tests:       1 failed, 
1 passed, 2 total
Snapshots:   0 total
Time:        1.471 s, 
estimated 2 s
Ran all test suites 
matching __tests__/servi
ces/PoseAnalysis/ServeAn
alyzer.test.ts.
